Microchip MPLAB XC8 Compiler V2.45

Linker command line:

-W-3 \
  --edf=C:\Program Files\Microchip\xc8\v2.45\pic\dat\20230818022343_en.msgs \
  -cn -h+dist/default/debug\interfacing_projects.debug.sym \
  --cmf=dist/default/debug\interfacing_projects.debug.cmf -z -Q18F4620 \
  -oC:\Users\mstfy\AppData\Local\Temp\xcAs8no.\driver_tmp_3.o \
  --defsym=__MPLAB_BUILD=1 --fixupoverflow=error \
  -Mdist/default/debug/interfacing_projects.debug.map \
  --md=C:\Users\mstfy\AppData\Local\Temp\xcAs8no.\driver_tmp_0.dat -E1 \
  -ver=XC8 Compiler --acfsm=1493 -ACODE=00h-0FFFFh -ACONST=00h-0FFFFh \
  -ASMALLCONST=01000h-010FFhx240 -AMEDIUMCONST=01000h-0FFFFh \
  -ACOMRAM=01h-07Fh -AABS1=00h-0F7Fh -ABIGRAM=01h-0F7Fh \
  -ARAM=080h-0FFh,0100h-01FFhx14,0F00h-0F7Fh -ABANK0=080h-0FFh \
  -ABANK1=0100h-01FFh -ABANK2=0200h-02FFh -ABANK3=0300h-03FFh \
  -ABANK4=0400h-04FFh -ABANK5=0500h-05FFh -ABANK6=0600h-06FFh \
  -ABANK7=0700h-07FFh -ABANK8=0800h-08FFh -ABANK9=0900h-09FFh \
  -ABANK10=0A00h-0AFFh -ABANK11=0B00h-0BFFh -ABANK12=0C00h-0CFFh \
  -ABANK13=0D00h-0DFFh -ABANK14=0E00h-0EFFh -ABANK15=0F00h-0F7Fh \
  -ASFR=0F80h-0FFFh -ABIGSFR=0F80h-0FFFh -ACONFIG=0300000h-030000Dh \
  -AIDLOC=0200000h-0200007h -AEEDATA=0F00000h-0F003FFh -peeprom_data=EEDATA \
  -preset_vec=00h,intcode=08h,intcodelo,powerup,init -pramtop=01000h \
  -psmallconst=SMALLCONST -pmediumconst=MEDIUMCONST -pconst=CONST \
  -AFARRAM=00h-00h \
  -prdata=COMRAM,nvrram=COMRAM,nvbit=COMRAM,rbss=COMRAM,rbit=COMRAM \
  -pfarbss=FARRAM,fardata=FARRAM,nvFARRAM=FARRAM \
  -pintsave_regs=BIGRAM,bigbss=BIGRAM,bigdata=BIGRAM -pbss=RAM \
  -pidata=CODE,irdata=CODE,ibigdata=CODE,ifardata=CODE -prparam=COMRAM \
  C:\Users\mstfy\AppData\Local\Temp\xcAs8no.\driver_tmp_9.o \
  dist/default/debug\interfacing_projects.debug.o 

Object code version is 3.11

Machine type is 18F4620



                Name                               Link     Load   Length Selector   Space Scale
C:\Users\mstfy\AppData\Local\Temp\xcAs8no.\driver_tmp_9.o
                config                           300000   300000        E        0       4
                init                                  E        E        4        4       0
                reset_vec                             0        0        4        0       0
dist/default/debug\interfacing_projects.debug.o
                intcode                               8        8        6        4       0
                config                           300000   300000        E        0       4
                temp                                 79       79        1        1       1
                smallconst                         1000     1000       16      800       0
                text43                             2224     2224        4     10E8       0
                text42                             2220     2220        4     10E8       0
                text41                             221C     221C        4     10E8       0
                text40                             2228     2228        2     10E8       0
                text39                             2218     2218        4     10E8       0
                text38                             2214     2214        4     10E8       0
                text37                             2210     2210        4     10E8       0
                text36                             220C     220C        4     10E8       0
                text35                             2208     2208        4     10E8       0
                text34                             2204     2204        4     10E8       0
                text33                             2200     2200        4     10E8       0
                text32                             2184     2184       1A      80B       0
                text31                             216A     216A       1A      80B       0
                text30                             2150     2150       1A      80B       0
                text29                             2136     2136       1A      80B       0
                text28                             21E8     21E8        C     10E8       0
                text27                             21DC     21DC        C     10E8       0
                text26                             21F4     21F4        8     10E8       0
                text25                             21D0     21D0        C     10E8       0
                intcode_body                       1016     1016      406      80B       0
                text23                             169E     169E      126      80B       0
                text22                             17C4     17C4      110      80B       0
                text21                             1DEA     1DEA       5E      80B       0
                text20                             1D1E     1D1E       6A      80B       0
                text19                             1CB0     1CB0       6E      80B       0
                text18                             2026     2026       40      80B       0
                text17                             1F00     1F00       5C      80B       0
                text16                             18D4     18D4       E8      80B       0
                text15                             219E     219E       16      80B       0
                text14                             1EA4     1EA4       5C      80B       0
                text13                             21FC     21FC        4     10E8       0
                text12                             1FA4     1FA4       42      80B       0
                text11                             21B4     21B4        E      80B       0
                text10                             141C     141C      282      80B       0
                text9                              210C     210C       2A      80B       0
                text8                              1B70     1B70       A4      80B       0
                text7                              19BC     19BC       E4      80B       0
                text6                              1E48     1E48       5C      80B       0
                text5                              1C14     1C14       9C      80B       0
                text4                              20A4     20A4       3C      80B       0
                text3                              2066     2066       3E      80B       0
                text2                              1F5C     1F5C       48      80B       0
                text1                              1FE6     1FE6       40      80B       0
                text0                              1AA0     1AA0       D0      80B       0
                cstackCOMRAM                         50       50       1C        1       1
                dataBANK0                            80       80       2C       80       1
                bssBANK0                             AC       AC        C       80       1
                dataCOMRAM                           6C       6C        D        1       1
                bssCOMRAM                             1        1       4F        1       1
                cinit                              1D88     1D88       62      80B       0
                idataBANK0                         20E0     20E0       2C      80B       0
                idataCOMRAM                        21C2     21C2        D      80B       0

TOTAL           Name                               Link     Load   Length     Space
        CLASS   CODE           
                intcode                               8        8        6         0
                init                                  E        E        4         0
                reset_vec                             0        0        4         0
                text43                             2224     2224        4         0
                text42                             2220     2220        4         0
                text41                             221C     221C        4         0
                text40                             2228     2228        2         0
                text39                             2218     2218        4         0
                text38                             2214     2214        4         0
                text37                             2210     2210        4         0
                text36                             220C     220C        4         0
                text35                             2208     2208        4         0
                text34                             2204     2204        4         0
                text33                             2200     2200        4         0
                text32                             2184     2184       1A         0
                text31                             216A     216A       1A         0
                text30                             2150     2150       1A         0
                text29                             2136     2136       1A         0
                text28                             21E8     21E8        C         0
                text27                             21DC     21DC        C         0
                text26                             21F4     21F4        8         0
                text25                             21D0     21D0        C         0
                intcode_body                       1016     1016      406         0
                text23                             169E     169E      126         0
                text22                             17C4     17C4      110         0
                text21                             1DEA     1DEA       5E         0
                text20                             1D1E     1D1E       6A         0
                text19                             1CB0     1CB0       6E         0
                text18                             2026     2026       40         0
                text17                             1F00     1F00       5C         0
                text16                             18D4     18D4       E8         0
                text15                             219E     219E       16         0
                text14                             1EA4     1EA4       5C         0
                text13                             21FC     21FC        4         0
                text12                             1FA4     1FA4       42         0
                text11                             21B4     21B4        E         0
                text10                             141C     141C      282         0
                text9                              210C     210C       2A         0
                text8                              1B70     1B70       A4         0
                text7                              19BC     19BC       E4         0
                text6                              1E48     1E48       5C         0
                text5                              1C14     1C14       9C         0
                text4                              20A4     20A4       3C         0
                text3                              2066     2066       3E         0
                text2                              1F5C     1F5C       48         0
                text1                              1FE6     1FE6       40         0
                text0                              1AA0     1AA0       D0         0
                cinit                              1D88     1D88       62         0
                idataBANK0                         20E0     20E0       2C         0
                idataCOMRAM                        21C2     21C2        D         0

        CLASS   CONST          

        CLASS   SMALLCONST     
                smallconst                         1000     1000       16         0

        CLASS   MEDIUMCONST    

        CLASS   COMRAM         
                temp                                 79       79        1         1
                cstackCOMRAM                         50       50       1C         1
                dataCOMRAM                           6C       6C        D         1
                bssCOMRAM                             1        1       4F         1

        CLASS   ABS1           

        CLASS   BIGRAM         

        CLASS   RAM            

        CLASS   BANK0          
                dataBANK0                            80       80       2C         1
                bssBANK0                             AC       AC        C         1

        CLASS   BANK1          

        CLASS   BANK2          

        CLASS   BANK3          

        CLASS   BANK4          

        CLASS   BANK5          

        CLASS   BANK6          

        CLASS   BANK7          

        CLASS   BANK8          

        CLASS   BANK9          

        CLASS   BANK10         

        CLASS   BANK11         

        CLASS   BANK12         

        CLASS   BANK13         

        CLASS   BANK14         

        CLASS   BANK15         

        CLASS   SFR            

        CLASS   BIGSFR         

        CLASS   CONFIG         
                config                           300000   300000        E         4

        CLASS   IDLOC          

        CLASS   EEDATA         

        CLASS   FARRAM         

        CLASS   HEAP           

        CLASS   STACK          



SEGMENTS        Name                           Load    Length   Top    Selector   Space  Class

                reset_vec                      000000  000004  000004         0       0  CODE    
                bssCOMRAM                      000001  000079  00007A         1       1  COMRAM  
                intcode                        000008  00000A  000012         4       0  CODE    
                dataBANK0                      000080  000038  0000B8        80       1  BANK0   
                smallconst                     001000  000016  001016       800       0  SMALLCON
                intcode_body                   001016  0011B9  0021CF       80B       0  CODE    
                text25                         0021D0  00005A  00222A      10E8       0  CODE    


UNUSED ADDRESS RANGES

        Name                Unused          Largest block    Delta
        BANK0            0000B8-0000FF               48
        BANK1            000100-0001FF              100
        BANK10           000A00-000AFF              100
        BANK11           000B00-000BFF              100
        BANK12           000C00-000CFF              100
        BANK13           000D00-000DFF              100
        BANK14           000E00-000EFF              100
        BANK15           000F00-000F7F               80
        BANK2            000200-0002FF              100
        BANK3            000300-0003FF              100
        BANK4            000400-0004FF              100
        BANK5            000500-0005FF              100
        BANK6            000600-0006FF              100
        BANK7            000700-0007FF              100
        BANK8            000800-0008FF              100
        BANK9            000900-0009FF              100
        BIGRAM           00007A-00007F                6
                         0000B8-000F7F              EC8
        BIGSFR           000F80-000FFF               80
        CODE             000004-000007                4
                         000012-000FFF              FEE
                         0021CF-0021CF                1
                         00222A-00FFFF             DDD6
        COMRAM           00007A-00007F                6
        CONST            000004-000007                4
                         000012-000FFF              FEE
                         0021CF-0021CF                1
                         00222A-00FFFF             DDD6
        EEDATA           F00000-F003FF              400
        IDLOC            200000-200007                8
        MEDIUMCONST      0021CF-0021CF                1
                         00222A-00FFFF             DDD6
        RAM              0000B8-000F7F              100
        SFR              000F80-000FFF               80
        SMALLCONST       0021CF-0021CF                1
                         00222A-00FFFF              100

                                  Symbol Table

RB4_ISR@RB4_source                          cstackCOMRAM 000050
RB5_ISR@RB5_source                          cstackCOMRAM 000050
RB6_ISR@RB6_source                          cstackCOMRAM 000050
RB7_ISR@RB7_source                          cstackCOMRAM 000050
_ADCON0bits                                 (abs)        000FC2
_ADCON1bits                                 (abs)        000FC1
_ADCON2bits                                 (abs)        000FC0
_ADC_INTERRUPT_HANDLERF                     bssCOMRAM    00003D
_ADC_ISR                                    text43       002224
_ADRESH                                     (abs)        000FC4
_ADRESL                                     (abs)        000FC3
_BAUDCONbits                                (abs)        000FB8
_CCP1CONbits                                (abs)        000FBD
_CCP1_INTERRUPT_HANDLERF                    bssCOMRAM    00003B
_CCP1_ISR                                   text42       002220
_CCP2CONbits                                (abs)        000FBA
_CCP2_INTERRUPT_HANDLERF                    bssCOMRAM    000039
_CCP2_ISR                                   text41       00221C
_CCPR1L                                     (abs)        000FBE
_CCPR2L                                     (abs)        000FBB
_DS1307                                     bssBANK0     0000AC
_EEADR                                      (abs)        000FA9
_EEADRH                                     (abs)        000FAA
_EECON1bits                                 (abs)        000FA6
_EECON2                                     (abs)        000FA7
_EEDATA                                     (abs)        000FA8
_EUSART_FRAMING_ERROR_INTERRUPT_HANDLERF    bssCOMRAM    000033
_EUSART_OVERRUN_ERROR_INTERRUPT_HANDLERF    bssCOMRAM    000031
_EUSART_RX_ASY_ISR                          text40       002228
_EUSART_RX_INTERRUPT_HANDLERF               bssCOMRAM    000035
_EUSART_TX_ASY_ISR                          text39       002218
_EUSART_TX_INTERRUPT_HANDLERF               bssCOMRAM    000037
_I2C_BUS_COLLISION_ISR                      text38       002214
_I2C_INTERRUPT_HANDLERF                     bssCOMRAM    000015
_I2C_MODULE_TR_ISR                          text37       002210
_I2C_Receive_Overflow_IndicatoR_HANDLERF    bssCOMRAM    000017
_I2C_Write_Collision_HANDLERF               bssCOMRAM    000019
_INT0_ISR                                   text36       00220C
_INT0_InterruptHandeler                     bssCOMRAM    00002F
_INT1_ISR                                   text35       002208
_INT1_InterruptHandeler                     bssCOMRAM    00002D
_INT2_ISR                                   text34       002204
_INT2_InterruptHandeler                     bssCOMRAM    00002B
_INTCON2bits                                (abs)        000FF1
_INTCON3bits                                (abs)        000FF0
_INTCONbits                                 (abs)        000FF2
_InterruptManager                           intcode      000008
_LATA                                       (abs)        000F89
_LATB                                       (abs)        000F8A
_LATC                                       (abs)        000F8B
_LATD                                       (abs)        000F8C
_LATE                                       (abs)        000F8D
_MSSP_SPI_INTERRUPT_HANDLERF                bssCOMRAM    000013
_MSSP_Spi_ISR                               text33       002200
_PIE1bits                                   (abs)        000F9D
_PIE2bits                                   (abs)        000FA0
_PIR1bits                                   (abs)        000F9E
_PIR2bits                                   (abs)        000FA1
_PORTA                                      (abs)        000F80
_PORTB                                      (abs)        000F81
_PORTBbits                                  (abs)        000F81
_PORTC                                      (abs)        000F82
_PORTD                                      (abs)        000F83
_PORTE                                      (abs)        000F84
_PR2                                        (abs)        000FCB
_RB4_Flag                                   dataCOMRAM   000078
_RB4_ISR                                    text32       002184
_RB4_InterruptHandeler_High                 bssCOMRAM    000029
_RB4_InterruptHandeler_Low                  bssCOMRAM    000027
_RB5_Flag                                   dataCOMRAM   000077
_RB5_ISR                                    text31       00216A
_RB5_InterruptHandeler_High                 bssCOMRAM    000025
_RB5_InterruptHandeler_Low                  bssCOMRAM    000023
_RB6_Flag                                   dataCOMRAM   000076
_RB6_ISR                                    text30       002150
_RB6_InterruptHandeler_High                 bssCOMRAM    000021
_RB6_InterruptHandeler_Low                  bssCOMRAM    00001F
_RB7_Flag                                   dataCOMRAM   000075
_RB7_ISR                                    text29       002136
_RB7_InterruptHandeler_High                 bssCOMRAM    00001D
_RB7_InterruptHandeler_Low                  bssCOMRAM    00001B
_RCREG                                      (abs)        000FAE
_RCSTAbits                                  (abs)        000FAB
_SPBRG                                      (abs)        000FAF
_SPBRGH                                     (abs)        000FB0
_SSPADD                                     (abs)        000FC8
_SSPBUF                                     (abs)        000FC9
_SSPCON1bits                                (abs)        000FC6
_SSPCON2bits                                (abs)        000FC5
_SSPSTATbits                                (abs)        000FC7
_T0CONbits                                  (abs)        000FD5
_T1CONbits                                  (abs)        000FCD
_T2CONbits                                  (abs)        000FCA
_T3CONbits                                  (abs)        000FB1
_TIMER0_INTERRUPPT                          bssCOMRAM    00000F
_TIMER1_INTERRUPPT_HANDLERF                 bssCOMRAM    00000B
_TIMER3_INTERRUPT_HANDLERF                  bssCOMRAM    000007
_TMR0H                                      (abs)        000FD7
_TMR0L                                      (abs)        000FD6
_TMR0_ISR                                   text28       0021E8
_TMR1H                                      (abs)        000FCF
_TMR1L                                      (abs)        000FCE
_TMR1_ISR                                   text27       0021DC
_TMR2                                       (abs)        000FCC
_TMR2_INTERRUPT_HANDLER                     bssCOMRAM    000009
_TMR2_ISR                                   text26       0021F4
_TMR3H                                      (abs)        000FB3
_TMR3L                                      (abs)        000FB2
_TMR3_ISR                                   text25       0021D0
_TRISA                                      (abs)        000F92
_TRISB                                      (abs)        000F93
_TRISC                                      (abs)        000F94
_TRISCbits                                  (abs)        000F94
_TRISD                                      (abs)        000F95
_TRISE                                      (abs)        000F96
_TXREG                                      (abs)        000FAD
_TXSTA1bits                                 (abs)        000FAC
_TXSTAbits                                  (abs)        000FAC
__HRAM                                      (abs)        000000
__H__absolute__                             __absolute__ 000000
__Habs1                                     abs1         000000
__Hbank0                                    bank0        000000
__Hbank1                                    bank1        000000
__Hbank10                                   bank10       000000
__Hbank11                                   bank11       000000
__Hbank12                                   bank12       000000
__Hbank13                                   bank13       000000
__Hbank14                                   bank14       000000
__Hbank15                                   bank15       000000
__Hbank2                                    bank2        000000
__Hbank3                                    bank3        000000
__Hbank4                                    bank4        000000
__Hbank5                                    bank5        000000
__Hbank6                                    bank6        000000
__Hbank7                                    bank7        000000
__Hbank8                                    bank8        000000
__Hbank9                                    bank9        000000
__Hbigbss                                   bigbss       000000
__Hbigdata                                  bigdata      000000
__Hbigram                                   bigram       000000
__Hbigsfr                                   bigsfr       000000
__Hbss                                      bss          000000
__HbssBANK0                                 bssBANK0     000000
__HbssCOMRAM                                bssCOMRAM    000000
__Hcinit                                    cinit        000000
__Hclrtext                                  clrtext      000000
__Hcomram                                   comram       000000
__Hconfig                                   config       30000E
__Hconst                                    const        000000
__HcstackCOMRAM                             cstackCOMRAM 000000
__Hdata                                     data         000000
__HdataBANK0                                dataBANK0    000000
__HdataCOMRAM                               dataCOMRAM   000000
__Heeprom_data                              eeprom_data  000000
__Hfarbss                                   farbss       000000
__Hfardata                                  fardata      000000
__Hheap                                     heap         000000
__Hibigdata                                 ibigdata     000000
__Hidata                                    idata        000000
__HidataBANK0                               idataBANK0   000000
__HidataCOMRAM                              idataCOMRAM  000000
__Hidloc                                    idloc        000000
__Hifardata                                 ifardata     000000
__Hinit                                     init         000012
__Hintcode                                  intcode      00000E
__Hintcode_body                             intcode_body 000000
__Hintcodelo                                intcodelo    00000E
__Hintentry                                 intentry     000000
__Hintret                                   intret       000000
__Hintsave_regs                             intsave_regs 000000
__Hirdata                                   irdata       000000
__Hmediumconst                              mediumconst  000000
__HnvFARRAM                                 nvFARRAM     000000
__Hnvbit                                    nvbit        000000
__Hnvrram                                   nvrram       000000
__Hparam                                    rparam       000000
__Hpowerup                                  powerup      00000E
__Hram                                      ram          000000
__Hramtop                                   ramtop       001000
__Hrbit                                     rbit         000000
__Hrbss                                     rbss         000000
__Hrdata                                    rdata        000000
__Hreset_vec                                reset_vec    000004
__Hrparam                                   rparam       000000
__Hsfr                                      sfr          000000
__Hsmallconst                               smallconst   001016
__Hspace_0                                  (abs)        00222A
__Hspace_1                                  (abs)        0000B8
__Hspace_2                                  (abs)        000000
__Hspace_4                                  (abs)        60000E
__Hstack                                    stack        000000
__Hstruct                                   struct       000000
__Htemp                                     temp         00007A
__Htext                                     text         000000
__Htext0                                    text0        000000
__Htext1                                    text1        000000
__Htext10                                   text10       000000
__Htext11                                   text11       000000
__Htext12                                   text12       000000
__Htext13                                   text13       000000
__Htext14                                   text14       000000
__Htext15                                   text15       000000
__Htext16                                   text16       000000
__Htext17                                   text17       000000
__Htext18                                   text18       000000
__Htext19                                   text19       000000
__Htext2                                    text2        000000
__Htext20                                   text20       000000
__Htext21                                   text21       000000
__Htext22                                   text22       000000
__Htext23                                   text23       000000
__Htext25                                   text25       000000
__Htext26                                   text26       000000
__Htext27                                   text27       000000
__Htext28                                   text28       000000
__Htext29                                   text29       000000
__Htext3                                    text3        000000
__Htext30                                   text30       000000
__Htext31                                   text31       000000
__Htext32                                   text32       000000
__Htext33                                   text33       000000
__Htext34                                   text34       000000
__Htext35                                   text35       000000
__Htext36                                   text36       000000
__Htext37                                   text37       000000
__Htext38                                   text38       000000
__Htext39                                   text39       000000
__Htext4                                    text4        000000
__Htext40                                   text40       000000
__Htext41                                   text41       000000
__Htext42                                   text42       000000
__Htext43                                   text43       000000
__Htext5                                    text5        000000
__Htext6                                    text6        000000
__Htext7                                    text7        000000
__Htext8                                    text8        000000
__Htext9                                    text9        000000
__LRAM                                      (abs)        000001
__L__absolute__                             __absolute__ 000000
__Labs1                                     abs1         000000
__Lbank0                                    bank0        000000
__Lbank1                                    bank1        000000
__Lbank10                                   bank10       000000
__Lbank11                                   bank11       000000
__Lbank12                                   bank12       000000
__Lbank13                                   bank13       000000
__Lbank14                                   bank14       000000
__Lbank15                                   bank15       000000
__Lbank2                                    bank2        000000
__Lbank3                                    bank3        000000
__Lbank4                                    bank4        000000
__Lbank5                                    bank5        000000
__Lbank6                                    bank6        000000
__Lbank7                                    bank7        000000
__Lbank8                                    bank8        000000
__Lbank9                                    bank9        000000
__Lbigbss                                   bigbss       000000
__Lbigdata                                  bigdata      000000
__Lbigram                                   bigram       000000
__Lbigsfr                                   bigsfr       000000
__Lbss                                      bss          000000
__LbssBANK0                                 bssBANK0     000000
__LbssCOMRAM                                bssCOMRAM    000000
__Lcinit                                    cinit        000000
__Lclrtext                                  clrtext      000000
__Lcomram                                   comram       000000
__Lconfig                                   config       000000
__Lconst                                    const        000000
__LcstackCOMRAM                             cstackCOMRAM 000000
__Ldata                                     data         000000
__LdataBANK0                                dataBANK0    000000
__LdataCOMRAM                               dataCOMRAM   000000
__Leeprom_data                              eeprom_data  000000
__Lfarbss                                   farbss       000000
__Lfardata                                  fardata      000000
__Lheap                                     heap         000000
__Libigdata                                 ibigdata     000000
__Lidata                                    idata        000000
__LidataBANK0                               idataBANK0   000000
__LidataCOMRAM                              idataCOMRAM  000000
__Lidloc                                    idloc        000000
__Lifardata                                 ifardata     000000
__Linit                                     init         00000E
__Lintcode                                  intcode      000008
__Lintcode_body                             intcode_body 000000
__Lintcodelo                                intcodelo    00000E
__Lintentry                                 intentry     000000
__Lintret                                   intret       000000
__Lintsave_regs                             intsave_regs 000000
__Lirdata                                   irdata       000000
__Lmediumconst                              mediumconst  000000
__LnvFARRAM                                 nvFARRAM     000000
__Lnvbit                                    nvbit        000000
__Lnvrram                                   nvrram       000000
__Lparam                                    rparam       000000
__Lpowerup                                  powerup      00000E
__Lram                                      ram          000000
__Lramtop                                   ramtop       001000
__Lrbit                                     rbit         000000
__Lrbss                                     rbss         000000
__Lrdata                                    rdata        000000
__Lreset_vec                                reset_vec    000000
__Lrparam                                   rparam       000000
__Lsfr                                      sfr          000000
__Lsmallconst                               smallconst   001000
__Lspace_0                                  (abs)        000000
__Lspace_1                                  (abs)        000000
__Lspace_2                                  (abs)        000000
__Lspace_4                                  (abs)        000000
__Lstack                                    stack        000000
__Lstruct                                   struct       000000
__Ltemp                                     temp         000079
__Ltext                                     text         000000
__Ltext0                                    text0        000000
__Ltext1                                    text1        000000
__Ltext10                                   text10       000000
__Ltext11                                   text11       000000
__Ltext12                                   text12       000000
__Ltext13                                   text13       000000
__Ltext14                                   text14       000000
__Ltext15                                   text15       000000
__Ltext16                                   text16       000000
__Ltext17                                   text17       000000
__Ltext18                                   text18       000000
__Ltext19                                   text19       000000
__Ltext2                                    text2        000000
__Ltext20                                   text20       000000
__Ltext21                                   text21       000000
__Ltext22                                   text22       000000
__Ltext23                                   text23       000000
__Ltext25                                   text25       000000
__Ltext26                                   text26       000000
__Ltext27                                   text27       000000
__Ltext28                                   text28       000000
__Ltext29                                   text29       000000
__Ltext3                                    text3        000000
__Ltext30                                   text30       000000
__Ltext31                                   text31       000000
__Ltext32                                   text32       000000
__Ltext33                                   text33       000000
__Ltext34                                   text34       000000
__Ltext35                                   text35       000000
__Ltext36                                   text36       000000
__Ltext37                                   text37       000000
__Ltext38                                   text38       000000
__Ltext39                                   text39       000000
__Ltext4                                    text4        000000
__Ltext40                                   text40       000000
__Ltext41                                   text41       000000
__Ltext42                                   text42       000000
__Ltext43                                   text43       000000
__Ltext5                                    text5        000000
__Ltext6                                    text6        000000
__Ltext7                                    text7        000000
__Ltext8                                    text8        000000
__Ltext9                                    text9        000000
__S0                                        (abs)        00222A
__S1                                        (abs)        0000B8
__S4                                        (abs)        000000
__S5                                        (abs)        000000
___heap_hi                                  (abs)        000000
___heap_lo                                  (abs)        000000
___inthi_sp                                 stack        000000
___inthi_stack_hi                           stack        000000
___inthi_stack_lo                           stack        000000
___intlo_sp                                 stack        000000
___intlo_stack_hi                           stack        000000
___intlo_stack_lo                           stack        000000
___lbdiv                                    text14       001EA4
___lbdiv@counter                            cstackCOMRAM 000053
___lbdiv@dividend                           cstackCOMRAM 000052
___lbdiv@divisor                            cstackCOMRAM 000051
___lbdiv@quotient                           cstackCOMRAM 000054
___param_bank                               (abs)        000000
___rparam_used                              (abs)        000001
___sp                                       stack        000000
___stack_hi                                 stack        000000
___stack_lo                                 stack        000000
__accesstop                                 (abs)        000080
__activetblptr                              (abs)        000003
__end_of_ADC_ISR                            text43       002228
__end_of_CCP1_ISR                           text42       002224
__end_of_CCP2_ISR                           text41       002220
__end_of_EUSART_RX_ASY_ISR                  text40       00222A
__end_of_EUSART_TX_ASY_ISR                  text39       00221C
__end_of_I2C_BUS_COLLISION_ISR              text38       002218
__end_of_I2C_MODULE_TR_ISR                  text37       002214
__end_of_INT0_ISR                           text36       002210
__end_of_INT1_ISR                           text35       00220C
__end_of_INT2_ISR                           text34       002208
__end_of_InterruptManager                   intcode_body 00141C
__end_of_MSSP_Spi_ISR                       text33       002204
__end_of_RB4_ISR                            text32       00219E
__end_of_RB5_ISR                            text31       002184
__end_of_RB6_ISR                            text30       00216A
__end_of_RB7_ISR                            text29       002150
__end_of_TMR0_ISR                           text28       0021F4
__end_of_TMR1_ISR                           text27       0021E8
__end_of_TMR2_ISR                           text26       0021FC
__end_of_TMR3_ISR                           text25       0021DC
__end_of___lbdiv                            text14       001F00
__end_of__initialization                    cinit        001DE0
__end_of_app_initialize                     text15       0021B4
__end_of_f_operation_resul_for_mult_div     text10       00169E
__end_of_fully_poped                        text9        002136
__end_of_gpio_pin_direction_intialize       text23       0017C4
__end_of_gpio_pin_intialize                 text21       001E48
__end_of_gpio_pin_read_logic                text8        001C14
__end_of_gpio_pin_write_logic               text22       0018D4
__end_of_isEmpty                            text13       002200
__end_of_isFull                             text2        001FA4
__end_of_keypad_get_value                   text7        001AA0
__end_of_keypad_initialize                  text20       001D88
__end_of_keypad_values                      smallconst   001011
__end_of_lcd_4bit_initialize                text16       0019BC
__end_of_lcd_4bit_send_command              text17       001F5C
__end_of_lcd_4bit_send_data_char            text6        001EA4
__end_of_lcd_4bit_send_data_char_posit      text4        0020E0
__end_of_lcd_send_4bit_command_data         text19       001D1E
__end_of_lcd_send_4bit_enable               text18       002066
__end_of_lcd_set_cursor_4bit                text5        001CB0
__end_of_main                               text0        001B70
__end_of_peek                               text3        0020A4
__end_of_pop                                text12       001FE6
__end_of_push                               text1        002026
__end_of_stack_size                         text11       0021C2
__initialization                            cinit        001D88
__mediumconst                               mediumconst  000000
__pbssBANK0                                 bssBANK0     0000AC
__pbssCOMRAM                                bssCOMRAM    000001
__pcinit                                    cinit        001D88
__pcstackCOMRAM                             cstackCOMRAM 000050
__pdataBANK0                                dataBANK0    000080
__pdataCOMRAM                               dataCOMRAM   00006C
__pidataBANK0                               idataBANK0   0020E0
__pidataCOMRAM                              idataCOMRAM  0021C2
__pintcode                                  intcode      000008
__pintcode_body                             intcode_body 001016
__psmallconst                               smallconst   001000
__ptext0                                    text0        001AA0
__ptext1                                    text1        001FE6
__ptext10                                   text10       00141C
__ptext11                                   text11       0021B4
__ptext12                                   text12       001FA4
__ptext13                                   text13       0021FC
__ptext14                                   text14       001EA4
__ptext15                                   text15       00219E
__ptext16                                   text16       0018D4
__ptext17                                   text17       001F00
__ptext18                                   text18       002026
__ptext19                                   text19       001CB0
__ptext2                                    text2        001F5C
__ptext20                                   text20       001D1E
__ptext21                                   text21       001DEA
__ptext22                                   text22       0017C4
__ptext23                                   text23       00169E
__ptext25                                   text25       0021D0
__ptext26                                   text26       0021F4
__ptext27                                   text27       0021DC
__ptext28                                   text28       0021E8
__ptext29                                   text29       002136
__ptext3                                    text3        002066
__ptext30                                   text30       002150
__ptext31                                   text31       00216A
__ptext32                                   text32       002184
__ptext33                                   text33       002200
__ptext34                                   text34       002204
__ptext35                                   text35       002208
__ptext36                                   text36       00220C
__ptext37                                   text37       002210
__ptext38                                   text38       002214
__ptext39                                   text39       002218
__ptext4                                    text4        0020A4
__ptext40                                   text40       002228
__ptext41                                   text41       00221C
__ptext42                                   text42       002220
__ptext43                                   text43       002224
__ptext5                                    text5        001C14
__ptext6                                    text6        001E48
__ptext7                                    text7        0019BC
__ptext8                                    text8        001B70
__ptext9                                    text9        00210C
__ramtop                                    ramtop       001000
__smallconst                                smallconst   001000
_app_initialize                             text15       00219E
_f_operation_resul_for_mult_div             text10       00141C
_fully_poped                                text9        00210C
_gpio_pin_direction_intialize               text23       00169E
_gpio_pin_intialize                         text21       001DEA
_gpio_pin_read_logic                        text8        001B70
_gpio_pin_write_logic                       text22       0017C4
_isEmpty                                    text13       0021FC
_isFull                                     text2        001F5C
_keypad_1                                   dataBANK0    00009E
_keypad_get_value                           text7        0019BC
_keypad_initialize                          text20       001D1E
_keypad_values                              smallconst   001001
_lat_registers                              dataBANK0    000080
_lcd_2                                      dataBANK0    0000A6
_lcd_4bit_initialize                        text16       0018D4
_lcd_4bit_send_command                      text17       001F00
_lcd_4bit_send_data_char                    text6        001E48
_lcd_4bit_send_data_char_posit              text4        0020A4
_lcd_counter                                dataCOMRAM   00006D
_lcd_send_4bit_command_data                 text19       001CB0
_lcd_send_4bit_enable                       text18       002026
_lcd_set_cursor_4bit                        text5        001C14
_main                                       text0        001AA0
_peek                                       text3        002066
_pop                                        text12       001FA4
_port_registers                             dataBANK0    00008A
_preload_val                                bssCOMRAM    000042
_preload_vall                               bssCOMRAM    000005
_preload_value                              bssCOMRAM    000011
_preload_value@hal_timer1$F4084             bssCOMRAM    00000D
_push                                       text1        001FE6
_result                                     dataCOMRAM   00006C
_ret                                        bssCOMRAM    000040
_stack_numbers                              bssCOMRAM    00004B
_stack_operation                            bssCOMRAM    000001
_stack_size                                 text11       0021B4
_tmr1_counter                               bssCOMRAM    000041
_tp                                         bssCOMRAM    00003F
_tris_registers                             dataBANK0    000094
_value                                      bssCOMRAM    00004F
app_initialize@ret                          cstackCOMRAM 000063
btemp                                       temp         000079
end_of_initialization                       cinit        001DE0
f_operation_resul_for_mult_div@loop_counter cstackCOMRAM 00005E
f_operation_resul_for_mult_div@operation    cstackCOMRAM 00005F
f_operation_resul_for_mult_div@result       cstackCOMRAM 00005C
fully_poped@stack                           cstackCOMRAM 000054
fully_poped@stack_size                      cstackCOMRAM 000055
gpio_pin_direction_intialize@__pin_t        cstackCOMRAM 000051
gpio_pin_direction_intialize@ret            cstackCOMRAM 000057
gpio_pin_intialize@_pin_t                   cstackCOMRAM 000059
gpio_pin_intialize@ret                      cstackCOMRAM 00005B
gpio_pin_read_logic@_pin_t                  cstackCOMRAM 000051
gpio_pin_read_logic@logic                   cstackCOMRAM 000052
gpio_pin_read_logic@ret                     cstackCOMRAM 000057
gpio_pin_write_logic@_pin_t                 cstackCOMRAM 000051
gpio_pin_write_logic@logic                  cstackCOMRAM 000052
gpio_pin_write_logic@ret                    cstackCOMRAM 000058
int$flags                                   temp         000079
int_func                                    intcode_body 001016
intlevel0                                   text         000000
intlevel1                                   text         000000
intlevel2                                   text         000000
intlevel3                                   text         000000
isEmpty@stack                               cstackCOMRAM 000051
isFull@stack                                cstackCOMRAM 000051
isa$std                                     (abs)        000001
isa$xinst                                   (abs)        000000
keypad_get_value@column_counter             cstackCOMRAM 00005F
keypad_get_value@keypad                     cstackCOMRAM 000059
keypad_get_value@l_counter                  cstackCOMRAM 00005E
keypad_get_value@ret_logic                  cstackCOMRAM 00005C
keypad_get_value@row_counter                cstackCOMRAM 00005D
keypad_get_value@value                      cstackCOMRAM 00005A
keypad_initialize@column_counter            cstackCOMRAM 00005F
keypad_initialize@keypad                    cstackCOMRAM 00005C
keypad_initialize@ret                       cstackCOMRAM 00005D
keypad_initialize@row_counter               cstackCOMRAM 00005E
lcd_4bit_initialize@l_counter               cstackCOMRAM 000061
lcd_4bit_initialize@lcd                     cstackCOMRAM 00005F
lcd_4bit_initialize@ret                     cstackCOMRAM 000062
lcd_4bit_send_command@command               cstackCOMRAM 00005D
lcd_4bit_send_command@lcd                   cstackCOMRAM 00005C
lcd_4bit_send_command@ret                   cstackCOMRAM 00005E
lcd_4bit_send_data_char@data                cstackCOMRAM 00005D
lcd_4bit_send_data_char@lcd                 cstackCOMRAM 00005C
lcd_4bit_send_data_char@ret                 cstackCOMRAM 00005E
lcd_4bit_send_data_char_posit@colunm        cstackCOMRAM 000067
lcd_4bit_send_data_char_posit@data          cstackCOMRAM 000068
lcd_4bit_send_data_char_posit@lcd           cstackCOMRAM 000065
lcd_4bit_send_data_char_posit@ret           cstackCOMRAM 000069
lcd_4bit_send_data_char_posit@row           cstackCOMRAM 000066
lcd_send_4bit_command_data@data             cstackCOMRAM 00005A
lcd_send_4bit_command_data@lcd              cstackCOMRAM 000059
lcd_send_4bit_command_data@ret              cstackCOMRAM 00005B
lcd_send_4bit_enable@lcd                    cstackCOMRAM 000059
lcd_send_4bit_enable@ret                    cstackCOMRAM 00005A
lcd_set_cursor_4bit@column                  cstackCOMRAM 000061
lcd_set_cursor_4bit@lcd                     cstackCOMRAM 00005F
lcd_set_cursor_4bit@ret                     cstackCOMRAM 000064
lcd_set_cursor_4bit@row                     cstackCOMRAM 000060
led_intalize@F3054                          bssCOMRAM    00004A
led_off@F3064                               bssCOMRAM    000048
led_on@F3059                                bssCOMRAM    000049
led_toggle@F3069                            bssCOMRAM    000047
peek@stack                                  cstackCOMRAM 000052
pop@stack                                   cstackCOMRAM 000052
push@item                                   cstackCOMRAM 000058
push@stack                                  cstackCOMRAM 000057
relay_initalize@F3052                       bssCOMRAM    000045
relay_off@F3062                             bssCOMRAM    000043
relay_on@F3057                              bssCOMRAM    000044
spi_master_mode_configuration@F3131         dataCOMRAM   000074
spi_master_mode_configuration@F3133         dataCOMRAM   000073
spi_master_mode_configuration@F3135         dataCOMRAM   000072
spi_slave_mode_configuration@F3139          dataCOMRAM   000071
spi_slave_mode_configuration@F3141          dataCOMRAM   000070
spi_slave_mode_configuration@F3143          dataCOMRAM   00006F
spi_slave_mode_configuration@F3145          dataCOMRAM   00006E
stack_size@stack                            cstackCOMRAM 000051
stackhi                                     (abs)        000000
stacklo                                     (abs)        000000
start                                       init         00000E
start_initialization                        cinit        001D88
ttemp5                                      temp         00007A
ttemp6                                      temp         00007D
ttemp7                                      temp         000081
wtemp8                                      temp         00007A


MODULE INFORMATION

Module		Function		Class		Link	Load	Size
MCAL_Layer/MSSP_SPI/hal_spi.c
		_MSSP_Spi_ISR  		CODE           	2200	0000	4

MCAL_Layer/MSSP_SPI/hal_spi.c estimated size: 4

MCAL_Layer/MSSP_I2C/hal_i2c.c
		_I2C_BUS_COLLISION_ISR		CODE           	2214	0000	4
		_I2C_MODULE_TR_ISR		CODE           	2210	0000	4

MCAL_Layer/MSSP_I2C/hal_i2c.c estimated size: 8

C:\Program Files\Microchip\xc8\v2.45\pic\sources\c99\common\lbdiv.c
		___lbdiv       		CODE           	1EA4	0000	92

C:\Program Files\Microchip\xc8\v2.45\pic\sources\c99\common\lbdiv.c estimated size: 92

ECU_Layer/CHR_LCD/ecu_chr_lcd.c
		_lcd_4bit_send_command		CODE           	1F00	0000	92
		_lcd_set_cursor_4bit		CODE           	1C14	0000	156
		_lcd_4bit_send_data_char		CODE           	1E48	0000	92
		_lcd_4bit_send_data_char_posit		CODE           	20A4	0000	60
		_lcd_send_4bit_enable		CODE           	2026	0000	64
		_lcd_4bit_initialize		CODE           	18D4	0000	232
		_lcd_send_4bit_command_data		CODE           	1CB0	0000	110

ECU_Layer/CHR_LCD/ecu_chr_lcd.c estimated size: 806

MCAL_Layer/TIMER3/hal_timer3.c
		_TMR3_ISR      		CODE           	21D0	0000	12

MCAL_Layer/TIMER3/hal_timer3.c estimated size: 12

MCAL_Layer/TIMER2/hal_timer2.c
		_TMR2_ISR      		CODE           	21F4	0000	8

MCAL_Layer/TIMER2/hal_timer2.c estimated size: 8

MCAL_Layer/TIMER1/hal_timer1.c
		_TMR1_ISR      		CODE           	21DC	0000	12

MCAL_Layer/TIMER1/hal_timer1.c estimated size: 12

MCAL_Layer/TIMER0/hal_timer0.c
		_TMR0_ISR      		CODE           	21E8	0000	12

MCAL_Layer/TIMER0/hal_timer0.c estimated size: 12

ECU_Layer/KEYPAD/ecu_keypad.c
		_keypad_get_value		CODE           	19BC	0000	228
		_keypad_initialize		CODE           	1D1E	0000	106

ECU_Layer/KEYPAD/ecu_keypad.c estimated size: 334

shared
		__initialization		CODE           	1D88	0000	88
		_keypad_values 		SMALLCONST     	1001	0000	16

shared estimated size: 104

MCAL_Layer/EUSART/hal_usart.c
		_EUSART_RX_ASY_ISR		CODE           	2228	0000	2
		_EUSART_TX_ASY_ISR		CODE           	2218	0000	4

MCAL_Layer/EUSART/hal_usart.c estimated size: 6

MCAL_Layer/Interrupt/mcal_external_interrupt.c
		_RB4_ISR       		CODE           	2184	0000	26
		_RB5_ISR       		CODE           	216A	0000	26
		_RB6_ISR       		CODE           	2150	0000	26
		_RB7_ISR       		CODE           	2136	0000	26
		_INT0_ISR      		CODE           	220C	0000	4
		_INT1_ISR      		CODE           	2208	0000	4
		_INT2_ISR      		CODE           	2204	0000	4

MCAL_Layer/Interrupt/mcal_external_interrupt.c estimated size: 116

MCAL_Layer/types_structure/stack_ds.c
		_fully_poped   		CODE           	210C	0000	42
		_isEmpty       		CODE           	21FC	0000	4
		_isFull        		CODE           	1F5C	0000	72
		_pop           		CODE           	1FA4	0000	66
		_push          		CODE           	1FE6	0000	64
		_stack_size    		CODE           	21B4	0000	14
		_peek          		CODE           	2066	0000	62

MCAL_Layer/types_structure/stack_ds.c estimated size: 324

MCAL_Layer/CPP1/hal_ccp.c
		_CCP1_ISR      		CODE           	2220	0000	4
		_CCP2_ISR      		CODE           	221C	0000	4

MCAL_Layer/CPP1/hal_ccp.c estimated size: 8

MCAL_Layer/ADC/hal_adc.c
		_ADC_ISR       		CODE           	2224	0000	4

MCAL_Layer/ADC/hal_adc.c estimated size: 4

MCAL_Layer/Interrupt/mcal_interrupt_manager.c
		_InterruptManager		CODE           	0008	0000	1036

MCAL_Layer/Interrupt/mcal_interrupt_manager.c estimated size: 1036

MCAL_Layer/GPIO/hal_gpio.c
		_gpio_pin_write_logic		CODE           	17C4	0000	272
		_gpio_pin_intialize		CODE           	1DEA	0000	94
		_gpio_pin_read_logic		CODE           	1B70	0000	164
		_gpio_pin_direction_intialize		CODE           	169E	0000	294

MCAL_Layer/GPIO/hal_gpio.c estimated size: 824

application.c
		_main          		CODE           	1AA0	0000	208
		_f_operation_resul_for_mult_div		CODE           	141C	0000	642
		_app_initialize		CODE           	219E	0000	22

application.c estimated size: 872

